Microchip MPLAB XC8 Compiler V2.05 ()

Linker command line:

-W-3 --edf=C:\Program Files (x86)\Microchip\xc8\v2.05\pic\dat\en_msgs.txt \
  -cs -h+dist/default/production\BluetoothReceiveServoPWM.X.production.sym \
  --cmf=dist/default/production\BluetoothReceiveServoPWM.X.production.cmf \
  -z -Q18F4520 -oC:\Users\plati\AppData\Local\Temp\sa28.2 \
  --defsym=__MPLAB_BUILD=1 \
  -Mdist/default/production/BluetoothReceiveServoPWM.X.production.map -E1 \
  -ver=XC8 --acfsm=1493 -ASTACK=080h-05FFh -pstack=STACK -ACODE=00h-07FFFh \
  -ACONST=00h-07FFFh -ASMALLCONST=0600h-06FFhx122 \
  -AMEDIUMCONST=0600h-07FFFh -ACOMRAM=01h-07Fh -AABS1=00h-05FFh \
  -ABIGRAM=01h-05FFh -ARAM=080h-0FFh,0100h-01FFhx5 -ABANK0=080h-0FFh \
  -ABANK1=0100h-01FFh -ABANK2=0200h-02FFh -ABANK3=0300h-03FFh \
  -ABANK4=0400h-04FFh -ABANK5=0500h-05FFh -ASFR=0F80h-0FFFh \
  -preset_vec=00h,intcode,intcodelo,powerup,init -pramtop=0600h \
  -psmallconst=SMALLCONST -pmediumconst=MEDIUMCONST -pconst=CONST \
  -AFARRAM=00h-00h -ACONFIG=0300000h-030000Dh -pconfig=CONFIG \
  -AIDLOC=0200000h-0200007h -pidloc=IDLOC -AEEDATA=0F00000h-0F000FFh \
  -peeprom_data=EEDATA \
  -prdata=COMRAM,nvrram=COMRAM,nvbit=COMRAM,rbss=COMRAM,rbit=COMRAM \
  -pfarbss=FARRAM,fardata=FARRAM,nvFARRAM=FARRAM \
  -pintsave_regs=BIGRAM,bigbss=BIGRAM,bigdata=BIGRAM -pbss=RAM \
  -pidata=CODE,irdata=CODE,ibigdata=CODE,ifardata=CODE -prparam=COMRAM \
  C:\Users\plati\AppData\Local\Temp\sa28.o \
  dist/default/production\BluetoothReceiveServoPWM.X.production.o 

Object code version is 3.11

Machine type is 18F4520

Call graph: (short form)




                Name                               Link     Load   Length Selector   Space Scale
C:\Users\plati\AppData\Local\Temp\sa28.o
                init                                  0        0        4        0       0
                idloc                            200000   200000        8   200000       0
                config                           300000   300000        E   300000       0
dist/default/production\BluetoothReceiveServoPWM.X.production.o
                text10                             7306     7306       10     3983       0
                text9                              732E     732E       24     3997       0
                text8                              7378     7378       2A     39BC       0
                text7                              79A2     79A2      30C     3CD1       0
                text6                              771A     771A      288     3B8D       0
                text5                              7CAE     7CAE      352     3E57       0
                text4                              73DA     73DA       BA     39ED       0
                text3                              7494     7494      140     3A4A       0
                text2                              7316     7316       18     398B       0
                text1                              75D4     75D4      146     3AEA       0
                text0                              73A2     73A2       38     39D1       0
                cstackCOMRAM                          1        1       6A        1       1
                dataCOMRAM                           6B       6B        6        1       1
                cinit                              7352     7352       26     39A9       0
                idataCOMRAM                        7300     7300        6     7300       0

TOTAL           Name                               Link     Load   Length     Space
        CLASS   STACK          

        CLASS   CODE           
                init                                  0        0        4         0
                text10                             7306     7306       10         0
                text9                              732E     732E       24         0
                text8                              7378     7378       2A         0
                text7                              79A2     79A2      30C         0
                text6                              771A     771A      288         0
                text5                              7CAE     7CAE      352         0
                text4                              73DA     73DA       BA         0
                text3                              7494     7494      140         0
                text2                              7316     7316       18         0
                text1                              75D4     75D4      146         0
                text0                              73A2     73A2       38         0
                cinit                              7352     7352       26         0
                idataCOMRAM                        7300     7300        6         0

        CLASS   CONST          

        CLASS   SMALLCONST     

        CLASS   MEDIUMCONST    

        CLASS   COMRAM         
                cstackCOMRAM                          1        1       6A         1
                dataCOMRAM                           6B       6B        6         1

        CLASS   ABS1           

        CLASS   BIGRAM         

        CLASS   RAM            

        CLASS   BANK0          

        CLASS   BANK1          

        CLASS   BANK2          

        CLASS   BANK3          

        CLASS   BANK4          

        CLASS   BANK5          

        CLASS   SFR            

        CLASS   FARRAM         

        CLASS   CONFIG         
                config                           300000   300000        E         0

        CLASS   IDLOC          
                idloc                            200000   200000        8         0

        CLASS   EEDATA         



SEGMENTS        Name                           Load    Length   Top    Selector   Space  Class

                reset_vec                      000000  000004  000004         0       0  CODE    
                cstackCOMRAM                   000001  000070  000071         1       1  COMRAM  
                idataCOMRAM                    007300  000006  007306      7300       0  CODE    
                text10                         007306  000010  007316      3983       0  CODE    
                text2                          007316  000018  00732E      398B       0  CODE    
                text9                          00732E  000024  007352      3997       0  CODE    
                cinit                          007352  000026  007378      39A9       0  CODE    
                text8                          007378  00002A  0073A2      39BC       0  CODE    
                text0                          0073A2  000038  0073DA      39D1       0  CODE    
                text4                          0073DA  0000BA  007494      39ED       0  CODE    
                text3                          007494  000140  0075D4      3A4A       0  CODE    
                text1                          0075D4  000146  00771A      3AEA       0  CODE    
                text6                          00771A  000288  0079A2      3B8D       0  CODE    
                text7                          0079A2  00030C  007CAE      3CD1       0  CODE    
                text5                          007CAE  000352  008000      3E57       0  CODE    
                idloc                          200000  000008  200008    200000       0  IDLOC   
                config                         300000  00000E  30000E    300000       0  CONFIG  


UNUSED ADDRESS RANGES

        Name                Unused          Largest block    Delta
        BANK0            000080-0000FF               80
        BANK1            000100-0001FF              100
        BANK2            000200-0002FF              100
        BANK3            000300-0003FF              100
        BANK4            000400-0004FF              100
        BANK5            000500-0005FF              100
        BIGRAM           000071-0005FF              58F
        CODE             000004-0072FF             72FC
        COMRAM           000071-00007F                F
        CONST            000004-0072FF             72FC
        EEDATA           F00000-F000FF              100
        MEDIUMCONST      000600-0072FF             6D00
        RAM              000080-0005FF              100
        SFR              000F80-000FFF               80
        SMALLCONST       000600-0072FF              100
        STACK            000080-0005FF              580

                                  Symbol Table

?___fladd                 cstackCOMRAM 000041
?___fldiv                 cstackCOMRAM 00000F
?___flmul                 cstackCOMRAM 000028
?___fltol                 cstackCOMRAM 000051
?___xxtofl                cstackCOMRAM 000001
UARTReadString@Output     cstackCOMRAM 000001
UARTReadString@i          cstackCOMRAM 000004
UARTReadString@length     cstackCOMRAM 000003
_BRG16                    (abs)        007DC3
_BRGH                     (abs)        007D62
_CREN                     (abs)        007D5C
_GIE                      (abs)        007F97
_IRCF0                    (abs)        007E9C
_IRCF1                    (abs)        007E9D
_IRCF2                    (abs)        007E9E
_OERR                     (abs)        007D59
_PORTB                    (abs)        000F81
_PSA                      (abs)        007EAB
_RCIE                     (abs)        007CED
_RCIF                     (abs)        007CF5
_RCREG                    (abs)        000FAE
_SPBRG                    (abs)        000FAF
_SPEN                     (abs)        007D5F
_SYNC                     (abs)        007D64
_T08BIT                   (abs)        007EAE
_T0CS                     (abs)        007EAD
_TMR0H                    (abs)        000FD7
_TMR0IF                   (abs)        007F92
_TMR0L                    (abs)        000FD6
_TMR0ON                   (abs)        007EAF
_TRISB                    (abs)        000F93
_TRISC6                   (abs)        007CA6
_TRISC7                   (abs)        007CA7
_UARTReadChar             text10       007306
_UARTReadString           text9        00732E
_WUE                      (abs)        007DC1
__CFG_BOREN$SBORDIS       (abs)        000000
__CFG_BORV$3              (abs)        000000
__CFG_CCP2MX$PORTC        (abs)        000000
__CFG_CP0$OFF             (abs)        000000
__CFG_CP1$OFF             (abs)        000000
__CFG_CP2$OFF             (abs)        000000
__CFG_CP3$OFF             (abs)        000000
__CFG_CPB$OFF             (abs)        000000
__CFG_CPD$OFF             (abs)        000000
__CFG_EBTR0$OFF           (abs)        000000
__CFG_EBTR1$OFF           (abs)        000000
__CFG_EBTR2$OFF           (abs)        000000
__CFG_EBTR3$OFF           (abs)        000000
__CFG_EBTRB$OFF           (abs)        000000
__CFG_FCMEN$OFF           (abs)        000000
__CFG_IESO$OFF            (abs)        000000
__CFG_LPT1OSC$OFF         (abs)        000000
__CFG_LVP$OFF             (abs)        000000
__CFG_MCLRE$ON            (abs)        000000
__CFG_OSC$INTIO67         (abs)        000000
__CFG_PBADEN$ON           (abs)        000000
__CFG_PWRT$OFF            (abs)        000000
__CFG_STVREN$ON           (abs)        000000
__CFG_WDT$OFF             (abs)        000000
__CFG_WDTPS$32768         (abs)        000000
__CFG_WRT0$OFF            (abs)        000000
__CFG_WRT1$OFF            (abs)        000000
__CFG_WRT2$OFF            (abs)        000000
__CFG_WRT3$OFF            (abs)        000000
__CFG_WRTB$OFF            (abs)        000000
__CFG_WRTC$OFF            (abs)        000000
__CFG_WRTD$OFF            (abs)        000000
__CFG_XINST$OFF           (abs)        000000
__HRAM                    (abs)        000000
__Habs1                   abs1         000000
__Hbank0                  bank0        000000
__Hbank1                  bank1        000000
__Hbank2                  bank2        000000
__Hbank3                  bank3        000000
__Hbank4                  bank4        000000
__Hbank5                  bank5        000000
__Hbigbss                 bigbss       000000
__Hbigdata                bigdata      000000
__Hbigram                 bigram       000000
__Hbss                    bss          000000
__Hcinit                  cinit        000000
__Hclrtext                clrtext      000000
__Hcomram                 comram       000000
__Hconfig                 config       30000E
__Hconst                  const        000000
__HcstackCOMRAM           cstackCOMRAM 000000
__Hdata                   data         000000
__HdataCOMRAM             dataCOMRAM   000000
__Heeprom_data            eeprom_data  000000
__Hfarbss                 farbss       000000
__Hfardata                fardata      000000
__Hibigdata               ibigdata     000000
__Hidata                  idata        000000
__HidataCOMRAM            idataCOMRAM  000000
__Hidloc                  idloc        200008
__Hifardata               ifardata     000000
__Hinit                   init         000004
__Hintcode                intcode      000000
__Hintcode_body           intcode_body 000000
__Hintcodelo              intcodelo    000000
__Hintentry               intentry     000000
__Hintret                 intret       000000
__Hintsave_regs           intsave_regs 000000
__Hirdata                 irdata       000000
__Hmediumconst            mediumconst  000000
__HnvFARRAM               nvFARRAM     000000
__Hnvbit                  nvbit        000000
__Hnvrram                 nvrram       000000
__Hparam                  rparam       000000
__Hpowerup                powerup      000000
__Hram                    ram          000000
__Hramtop                 ramtop       000600
__Hrbit                   rbit         000000
__Hrbss                   rbss         000000
__Hrdata                  rdata        000000
__Hreset_vec              reset_vec    000000
__Hrparam                 rparam       000000
__Hsfr                    sfr          000000
__Hsmallconst             smallconst   000000
__Hspace_0                (abs)        30000E
__Hspace_1                (abs)        000071
__Hspace_2                (abs)        000000
__Hstack                  stack        000000
__Hstruct                 struct       000000
__Htemp                   temp         000000
__Htext                   text         000000
__Htext0                  text0        000000
__Htext1                  text1        000000
__Htext10                 text10       000000
__Htext2                  text2        000000
__Htext3                  text3        000000
__Htext4                  text4        000000
__Htext5                  text5        000000
__Htext6                  text6        000000
__Htext7                  text7        000000
__Htext8                  text8        000000
__Htext9                  text9        000000
__LRAM                    (abs)        000001
__Labs1                   abs1         000000
__Lbank0                  bank0        000000
__Lbank1                  bank1        000000
__Lbank2                  bank2        000000
__Lbank3                  bank3        000000
__Lbank4                  bank4        000000
__Lbank5                  bank5        000000
__Lbigbss                 bigbss       000000
__Lbigdata                bigdata      000000
__Lbigram                 bigram       000000
__Lbss                    bss          000000
__Lcinit                  cinit        000000
__Lclrtext                clrtext      000000
__Lcomram                 comram       000000
__Lconfig                 config       300000
__Lconst                  const        000000
__LcstackCOMRAM           cstackCOMRAM 000000
__Ldata                   data         000000
__LdataCOMRAM             dataCOMRAM   000000
__Leeprom_data            eeprom_data  000000
__Lfarbss                 farbss       000000
__Lfardata                fardata      000000
__Libigdata               ibigdata     000000
__Lidata                  idata        000000
__LidataCOMRAM            idataCOMRAM  000000
__Lidloc                  idloc        200000
__Lifardata               ifardata     000000
__Linit                   init         000000
__Lintcode                intcode      000000
__Lintcode_body           intcode_body 000000
__Lintcodelo              intcodelo    000000
__Lintentry               intentry     000000
__Lintret                 intret       000000
__Lintsave_regs           intsave_regs 000000
__Lirdata                 irdata       000000
__Lmediumconst            mediumconst  000000
__LnvFARRAM               nvFARRAM     000000
__Lnvbit                  nvbit        000000
__Lnvrram                 nvrram       000000
__Lparam                  rparam       000000
__Lpowerup                powerup      000000
__Lram                    ram          000000
__Lramtop                 ramtop       000600
__Lrbit                   rbit         000000
__Lrbss                   rbss         000000
__Lrdata                  rdata        000000
__Lreset_vec              reset_vec    000000
__Lrparam                 rparam       000000
__Lsfr                    sfr          000000
__Lsmallconst             smallconst   000000
__Lspace_0                (abs)        000000
__Lspace_1                (abs)        000000
__Lspace_2                (abs)        000000
__Lstack                  stack        000000
__Lstruct                 struct       000000
__Ltemp                   temp         000000
__Ltext                   text         000000
__Ltext0                  text0        000000
__Ltext1                  text1        000000
__Ltext10                 text10       000000
__Ltext2                  text2        000000
__Ltext3                  text3        000000
__Ltext4                  text4        000000
__Ltext5                  text5        000000
__Ltext6                  text6        000000
__Ltext7                  text7        000000
__Ltext8                  text8        000000
__Ltext9                  text9        000000
__S0                      (abs)        30000E
__S1                      (abs)        000071
__S2                      (abs)        000000
___fladd                  text7        0079A2
___fladd@a                cstackCOMRAM 000045
___fladd@aexp             cstackCOMRAM 00004E
___fladd@b                cstackCOMRAM 000041
___fladd@bexp             cstackCOMRAM 00004F
___fladd@grs              cstackCOMRAM 000050
___fladd@signs            cstackCOMRAM 00004D
___fldiv                  text6        00771A
___fldiv@a                cstackCOMRAM 000013
___fldiv@aexp             cstackCOMRAM 000027
___fldiv@b                cstackCOMRAM 00000F
___fldiv@bexp             cstackCOMRAM 000026
___fldiv@grs              cstackCOMRAM 000022
___fldiv@new_exp          cstackCOMRAM 000020
___fldiv@rem              cstackCOMRAM 00001B
___fldiv@sign             cstackCOMRAM 00001F
___flmul                  text5        007CAE
___flmul@a                cstackCOMRAM 00002C
___flmul@aexp             cstackCOMRAM 000039
___flmul@b                cstackCOMRAM 000028
___flmul@bexp             cstackCOMRAM 00003A
___flmul@grs              cstackCOMRAM 000035
___flmul@prod             cstackCOMRAM 00003B
___flmul@sign             cstackCOMRAM 000034
___flmul@temp             cstackCOMRAM 00003F
___fltol                  text4        0073DA
___fltol@exp1             cstackCOMRAM 00005A
___fltol@f1               cstackCOMRAM 000051
___fltol@sign1            cstackCOMRAM 000059
___inthi_sp               stack        000000
___intlo_sp               stack        000000
___param_bank             (abs)        000000
___rparam_used            (abs)        000001
___sp                     stack        000000
___xxtofl                 text3        007494
___xxtofl@arg             cstackCOMRAM 00000B
___xxtofl@exp             cstackCOMRAM 00000A
___xxtofl@sign            cstackCOMRAM 000009
___xxtofl@val             cstackCOMRAM 000001
__accesstop               (abs)        000080
__activetblptr            (abs)        000000
__end_of_UARTReadChar     text10       007316
__end_of_UARTReadString   text9        007352
__end_of___fladd          text7        007CAE
__end_of___fldiv          text6        0079A2
__end_of___flmul          text5        008000
__end_of___fltol          text4        007494
__end_of___xxtofl         text3        0075D4
__end_of__initialization  cinit        007372
__end_of_initialise       text8        0073A2
__end_of_main             text0        0073DA
__end_of_pulseDelay       text2        00732E
__end_of_servoRun         text1        00771A
__initialization          cinit        007352
__mediumconst             mediumconst  000000
__pcinit                  cinit        007352
__pcstackCOMRAM           cstackCOMRAM 000001
__pdataCOMRAM             dataCOMRAM   00006B
__pidataCOMRAM            idataCOMRAM  007300
__ptext0                  text0        0073A2
__ptext1                  text1        0075D4
__ptext10                 text10       007306
__ptext2                  text2        007316
__ptext3                  text3        007494
__ptext4                  text4        0073DA
__ptext5                  text5        007CAE
__ptext6                  text6        00771A
__ptext7                  text7        0079A2
__ptext8                  text8        007378
__ptext9                  text9        00732E
__ramtop                  ramtop       000600
__size_of_UARTReadChar    (abs)        000000
__size_of_UARTReadString  (abs)        000000
__size_of___fladd         (abs)        000000
__size_of___fldiv         (abs)        000000
__size_of___flmul         (abs)        000000
__size_of___fltol         (abs)        000000
__size_of___xxtofl        (abs)        000000
__size_of_initialise      (abs)        000000
__size_of_main            (abs)        000000
__size_of_pulseDelay      (abs)        000000
__size_of_servoRun        (abs)        000000
__smallconst              smallconst   000000
_initialise               text8        007378
_main                     text0        0073A2
_pulseDelay               text2        007316
_servoRun                 text1        0075D4
end_of_initialization     cinit        007372
intlevel0                 text         000000
intlevel1                 text         000000
intlevel2                 text         000000
intlevel3                 text         000000
main@F2435                dataCOMRAM   00006B
main@Output               cstackCOMRAM 000065
pulseDelay@delaySteps     cstackCOMRAM 000001
servoRun@Output           cstackCOMRAM 00005B
servoRun@delayCycles      cstackCOMRAM 000060
servoRun@fianlDelayCycles cstackCOMRAM 000062
servoRun@servoNumber      cstackCOMRAM 000064
stackhi                   (abs)        0005FF
stacklo                   (abs)        000080
start                     init         000000
start_initialization      cinit        007352


FUNCTION INFORMATION:

 *************** function _main *****************
 Defined at:
		line 114 in file "BluetoothReceiveServoPWM.c"
 Parameters:    Size  Location     Type
		None
 Auto vars:     Size  Location     Type
  Output          6  100[COMRAM] unsigned char [6]
 Return value:  Size  Location     Type
                  1    wreg      void 
 Registers used:
		wreg, fsr1l, fsr1h, fsr2l, fsr2h, status,2, status,0, prodl, prodh, cstack
 Tracked objects:
		On entry : 
		On exit  : 
		Unchanged: 
 Data sizes:     COMRAM   BANK0   BANK1   BANK2   BANK3   BANK4   BANK5
      Params:         0       0       0       0       0       0       0
      Locals:         6       0       0       0       0       0       0
      Temps:          0       0       0       0       0       0       0
      Totals:         6       0       0       0       0       0       0
Total ram usage:        6 bytes
 Hardware stack levels required when called:    2
 This function calls:
		_UARTReadString
		_initialise
		_servoRun
 This function is called by:
		Startup code after reset
 This function uses a non-reentrant model


 *************** function _servoRun *****************
 Defined at:
		line 101 in file "BluetoothReceiveServoPWM.c"
 Parameters:    Size  Location     Type
  Output          2   90[COMRAM] PTR unsigned char 
		 -> main@Output(6), 
 Auto vars:     Size  Location     Type
  fianlDelayCy    2   97[COMRAM] unsigned int 
  delayCycles     2   95[COMRAM] unsigned int 
  servoNumber     1   99[COMRAM] unsigned char 
 Return value:  Size  Location     Type
                  1    wreg      void 
 Registers used:
		wreg, fsr2l, fsr2h, status,2, status,0, prodl, prodh, cstack
 Tracked objects:
		On entry : 
		On exit  : 
		Unchanged: 
 Data sizes:     COMRAM   BANK0   BANK1   BANK2   BANK3   BANK4   BANK5
      Params:         2       0       0       0       0       0       0
      Locals:         5       0       0       0       0       0       0
      Temps:          3       0       0       0       0       0       0
      Totals:        10       0       0       0       0       0       0
Total ram usage:       10 bytes
 Hardware stack levels used:    1
 Hardware stack levels required when called:    1
 This function calls:
		___fladd
		___fldiv
		___flmul
		___fltol
		___xxtofl
		_pulseDelay
 This function is called by:
		_main
 This function uses a non-reentrant model


 *************** function _pulseDelay *****************
 Defined at:
		line 92 in file "BluetoothReceiveServoPWM.c"
 Parameters:    Size  Location     Type
  delaySteps      2    0[COMRAM] unsigned int 
 Auto vars:     Size  Location     Type
		None
 Return value:  Size  Location     Type
                  1    wreg      void 
 Registers used:
		wreg, status,2, status,0
 Tracked objects:
		On entry : 
		On exit  : 
		Unchanged: 
 Data sizes:     COMRAM   BANK0   BANK1   BANK2   BANK3   BANK4   BANK5
      Params:         2       0       0       0       0       0       0
      Locals:         0       0       0       0       0       0       0
      Temps:          0       0       0       0       0       0       0
      Totals:         2       0       0       0       0       0       0
Total ram usage:        2 bytes
 Hardware stack levels used:    1
 This function calls:
		Nothing
 This function is called by:
		_servoRun
 This function uses a non-reentrant model


 *************** function ___xxtofl *****************
 Defined at:
		line 10 in file "C:\Program Files (x86)\Microchip\xc8\v2.05\pic\sources\c90\common\xxtofl.c"
 Parameters:    Size  Location     Type
  sign            1    wreg     unsigned char 
  val             4    0[COMRAM] long 
 Auto vars:     Size  Location     Type
  sign            1    8[COMRAM] unsigned char 
  arg             4   10[COMRAM] unsigned long 
  exp             1    9[COMRAM] unsigned char 
 Return value:  Size  Location     Type
                  4    0[COMRAM] unsigned char 
 Registers used:
		wreg, status,2, status,0
 Tracked objects:
		On entry : 
		On exit  : 
		Unchanged: 
 Data sizes:     COMRAM   BANK0   BANK1   BANK2   BANK3   BANK4   BANK5
      Params:         4       0       0       0       0       0       0
      Locals:         6       0       0       0       0       0       0
      Temps:          4       0       0       0       0       0       0
      Totals:        14       0       0       0       0       0       0
Total ram usage:       14 bytes
 Hardware stack levels used:    1
 This function calls:
		Nothing
 This function is called by:
		_servoRun
 This function uses a non-reentrant model


 *************** function ___fltol *****************
 Defined at:
		line 43 in file "C:\Program Files (x86)\Microchip\xc8\v2.05\pic\sources\c90\common\fltol.c"
 Parameters:    Size  Location     Type
  f1              4   80[COMRAM] unsigned char 
 Auto vars:     Size  Location     Type
  exp1            1   89[COMRAM] unsigned char 
  sign1           1   88[COMRAM] unsigned char 
 Return value:  Size  Location     Type
                  4   80[COMRAM] long 
 Registers used:
		wreg, status,2, status,0
 Tracked objects:
		On entry : 
		On exit  : 
		Unchanged: 
 Data sizes:     COMRAM   BANK0   BANK1   BANK2   BANK3   BANK4   BANK5
      Params:         4       0       0       0       0       0       0
      Locals:         2       0       0       0       0       0       0
      Temps:          4       0       0       0       0       0       0
      Totals:        10       0       0       0       0       0       0
Total ram usage:       10 bytes
 Hardware stack levels used:    1
 This function calls:
		Nothing
 This function is called by:
		_servoRun
 This function uses a non-reentrant model


 *************** function ___flmul *****************
 Defined at:
		line 8 in file "C:\Program Files (x86)\Microchip\xc8\v2.05\pic\sources\c90\common\sprcmul.c"
 Parameters:    Size  Location     Type
  b               4   39[COMRAM] long 
  a               4   43[COMRAM] long 
 Auto vars:     Size  Location     Type
  prod            4   58[COMRAM] struct .
  grs             4   52[COMRAM] unsigned long 
  temp            2   62[COMRAM] struct .
  bexp            1   57[COMRAM] unsigned char 
  aexp            1   56[COMRAM] unsigned char 
  sign            1   51[COMRAM] unsigned char 
 Return value:  Size  Location     Type
                  4   39[COMRAM] unsigned char 
 Registers used:
		wreg, status,2, status,0, prodl, prodh
 Tracked objects:
		On entry : 
		On exit  : 
		Unchanged: 
 Data sizes:     COMRAM   BANK0   BANK1   BANK2   BANK3   BANK4   BANK5
      Params:         8       0       0       0       0       0       0
      Locals:        13       0       0       0       0       0       0
      Temps:          4       0       0       0       0       0       0
      Totals:        25       0       0       0       0       0       0
Total ram usage:       25 bytes
 Hardware stack levels used:    1
 This function calls:
		Nothing
 This function is called by:
		_servoRun
 This function uses a non-reentrant model


 *************** function ___fldiv *****************
 Defined at:
		line 11 in file "C:\Program Files (x86)\Microchip\xc8\v2.05\pic\sources\c90\common\sprcdiv.c"
 Parameters:    Size  Location     Type
  b               4   14[COMRAM] unsigned char 
  a               4   18[COMRAM] unsigned char 
 Auto vars:     Size  Location     Type
  grs             4   33[COMRAM] unsigned long 
  rem             4   26[COMRAM] unsigned long 
  new_exp         2   31[COMRAM] int 
  aexp            1   38[COMRAM] unsigned char 
  bexp            1   37[COMRAM] unsigned char 
  sign            1   30[COMRAM] unsigned char 
 Return value:  Size  Location     Type
                  4   14[COMRAM] unsigned char 
 Registers used:
		wreg, status,2, status,0
 Tracked objects:
		On entry : 
		On exit  : 
		Unchanged: 
 Data sizes:     COMRAM   BANK0   BANK1   BANK2   BANK3   BANK4   BANK5
      Params:         8       0       0       0       0       0       0
      Locals:        13       0       0       0       0       0       0
      Temps:          4       0       0       0       0       0       0
      Totals:        25       0       0       0       0       0       0
Total ram usage:       25 bytes
 Hardware stack levels used:    1
 This function calls:
		Nothing
 This function is called by:
		_servoRun
 This function uses a non-reentrant model


 *************** function ___fladd *****************
 Defined at:
		line 10 in file "C:\Program Files (x86)\Microchip\xc8\v2.05\pic\sources\c90\common\sprcadd.c"
 Parameters:    Size  Location     Type
  b               4   64[COMRAM] unsigned char 
  a               4   68[COMRAM] unsigned char 
 Auto vars:     Size  Location     Type
  grs             1   79[COMRAM] unsigned char 
  bexp            1   78[COMRAM] unsigned char 
  aexp            1   77[COMRAM] unsigned char 
  signs           1   76[COMRAM] unsigned char 
 Return value:  Size  Location     Type
                  4   64[COMRAM] unsigned char 
 Registers used:
		wreg, status,2, status,0
 Tracked objects:
		On entry : 
		On exit  : 
		Unchanged: 
 Data sizes:     COMRAM   BANK0   BANK1   BANK2   BANK3   BANK4   BANK5
      Params:         8       0       0       0       0       0       0
      Locals:         4       0       0       0       0       0       0
      Temps:          4       0       0       0       0       0       0
      Totals:        16       0       0       0       0       0       0
Total ram usage:       16 bytes
 Hardware stack levels used:    1
 This function calls:
		Nothing
 This function is called by:
		_servoRun
 This function uses a non-reentrant model


 *************** function _initialise *****************
 Defined at:
		line 65 in file "BluetoothReceiveServoPWM.c"
 Parameters:    Size  Location     Type
		None
 Auto vars:     Size  Location     Type
		None
 Return value:  Size  Location     Type
                  1    wreg      void 
 Registers used:
		wreg, status,2
 Tracked objects:
		On entry : 
		On exit  : 
		Unchanged: 
 Data sizes:     COMRAM   BANK0   BANK1   BANK2   BANK3   BANK4   BANK5
      Params:         0       0       0       0       0       0       0
      Locals:         0       0       0       0       0       0       0
      Temps:          0       0       0       0       0       0       0
      Totals:         0       0       0       0       0       0       0
Total ram usage:        0 bytes
 Hardware stack levels used:    1
 This function calls:
		Nothing
 This function is called by:
		_main
 This function uses a non-reentrant model


 *************** function _UARTReadString *****************
 Defined at:
		line 9 in file "uart.h"
 Parameters:    Size  Location     Type
  Output          2    0[COMRAM] PTR unsigned char 
		 -> main@Output(6), 
  length          1    2[COMRAM] unsigned char 
 Auto vars:     Size  Location     Type
  i               1    3[COMRAM] unsigned char 
 Return value:  Size  Location     Type
                  1    wreg      void 
 Registers used:
		wreg, fsr2l, fsr2h, status,2, status,0, cstack
 Tracked objects:
		On entry : 
		On exit  : 
		Unchanged: 
 Data sizes:     COMRAM   BANK0   BANK1   BANK2   BANK3   BANK4   BANK5
      Params:         3       0       0       0       0       0       0
      Locals:         1       0       0       0       0       0       0
      Temps:          0       0       0       0       0       0       0
      Totals:         4       0       0       0       0       0       0
Total ram usage:        4 bytes
 Hardware stack levels used:    1
 Hardware stack levels required when called:    1
 This function calls:
		_UARTReadChar
 This function is called by:
		_main
 This function uses a non-reentrant model


 *************** function _UARTReadChar *****************
 Defined at:
		line 1 in file "uart.h"
 Parameters:    Size  Location     Type
		None
 Auto vars:     Size  Location     Type
		None
 Return value:  Size  Location     Type
                  1    wreg      unsigned char 
 Registers used:
		wreg, status,2
 Tracked objects:
		On entry : 
		On exit  : 
		Unchanged: 
 Data sizes:     COMRAM   BANK0   BANK1   BANK2   BANK3   BANK4   BANK5
      Params:         0       0       0       0       0       0       0
      Locals:         0       0       0       0       0       0       0
      Temps:          0       0       0       0       0       0       0
      Totals:         0       0       0       0       0       0       0
Total ram usage:        0 bytes
 Hardware stack levels used:    1
 This function calls:
		Nothing
 This function is called by:
		_UARTReadString
 This function uses a non-reentrant model



MODULE INFORMATION

Module		Function		Class		Link	Load	Size
C:\Program Files (x86)\Microchip\xc8\v2.05\pic\sources\c90\common\sprcadd.c
		___fladd       		CODE           	79A2	0000	781

C:\Program Files (x86)\Microchip\xc8\v2.05\pic\sources\c90\common\sprcadd.c estimated size: 781

uart.h
		_UARTReadChar  		CODE           	7306	0000	17
		_UARTReadString		CODE           	732E	0000	37

uart.h estimated size: 54

C:\Program Files (x86)\Microchip\xc8\v2.05\pic\sources\c90\common\fltol.c
		___fltol       		CODE           	73DA	0000	187

C:\Program Files (x86)\Microchip\xc8\v2.05\pic\sources\c90\common\fltol.c estimated size: 187

BluetoothReceiveServoPWM.c
		_main          		CODE           	73A2	0000	57
		_servoRun      		CODE           	75D4	0000	327
		_pulseDelay    		CODE           	7316	0000	25
		_initialise    		CODE           	7378	0000	43

BluetoothReceiveServoPWM.c estimated size: 452

shared
		__initialization		CODE           	7352	0000	33

shared estimated size: 33

C:\Program Files (x86)\Microchip\xc8\v2.05\pic\sources\c90\common\sprcmul.c
		___flmul       		CODE           	7CAE	0000	851

C:\Program Files (x86)\Microchip\xc8\v2.05\pic\sources\c90\common\sprcmul.c estimated size: 851

C:\Program Files (x86)\Microchip\xc8\v2.05\pic\sources\c90\common\sprcdiv.c
		___fldiv       		CODE           	771A	0000	649

C:\Program Files (x86)\Microchip\xc8\v2.05\pic\sources\c90\common\sprcdiv.c estimated size: 649

C:\Program Files (x86)\Microchip\xc8\v2.05\pic\sources\c90\common\xxtofl.c
		___xxtofl      		CODE           	7494	0000	321

C:\Program Files (x86)\Microchip\xc8\v2.05\pic\sources\c90\common\xxtofl.c estimated size: 321

